Finds the definition of a symbol by name or position.

Scoped queries:
  snipe def --file store.go        # All symbols in file
  snipe def --pkg query            # Exported symbols in package

Examples:
  snipe def ProcessOrder           # Find by name
  snipe def --at main.go:42:12     # Find at position
  snipe def pkg/handler.Handler    # Qualified name
  snipe def "(*Server).Start"      # Method syntax

Usage:
  snipe def [symbol] [flags]

Flags:
      --at string     Position to look up (file:line:col)
      --file string   List all symbols in file
  -h, --help          help for def
      --pkg string    List exported symbols in package

Global Flags:
      --context int        Context lines around match (default 2)
      --format string      concise | detailed | summary | json | human (default "concise")
      --kg-hints           Include Orca KG hints
      --limit int          Cap results (default 10)
      --max-tokens int     Token budget (0 = unlimited)
      --no-body            Exclude function body
      --no-siblings        Exclude sibling declarations
      --offset int         Pagination offset
      --select string      Result selection: all, best, top3, top5 (default "all")
      --signature-only     Return only signature (no body, no context)
      --suggestions        Include next-step suggestions in Claude output
      --timeout duration   Timeout for command (e.g., 30s, 5m)
