Shows an overview of a package including its exported symbols.

Displays all exported types, functions, constants, and variables in a package,
organized by kind for easy navigation.

Examples:
  snipe pkg store              # Show exported symbols in store package
  snipe pkg internal/query     # Show exported symbols in internal/query
  snipe pkg output             # Show exported symbols matching 'output'

Usage:
  snipe pkg <name> [flags]

Flags:
  -h, --help   help for pkg

Global Flags:
      --context int        Context lines around match (default 2)
      --format string      concise | detailed | summary | json | human (default "concise")
      --kg-hints           Include Orca KG hints
      --limit int          Cap results (default 10)
      --max-tokens int     Token budget (0 = unlimited)
      --no-body            Exclude function body
      --no-siblings        Exclude sibling declarations
      --offset int         Pagination offset
      --select string      Result selection: all, best, top3, top5 (default "all")
      --signature-only     Return only signature (no body, no context)
      --suggestions        Include next-step suggestions in Claude output
      --timeout duration   Timeout for command (e.g., 30s, 5m)
