Finds all references to a symbol by name or position.

Scoped queries:
  snipe refs Open --file store.go     # Refs in matching file
  snipe refs Open --pkg internal/query # Refs in matching package

Examples:
  snipe refs ProcessOrder          # Find by name
  snipe refs --at main.go:42:12    # Find at position
  snipe refs Workspace --kind=method  # Only method references

Usage:
  snipe refs [symbol] [flags]

Flags:
      --at string     Position to look up (file:line:col)
      --file string   Filter references to those in matching file
  -h, --help          help for refs
      --kind string   Filter by enclosing kind (func, method, etc.)
      --pkg string    Filter references to those in matching package path

Global Flags:
      --context int        Context lines around match (default 2)
      --format string      concise | detailed | summary | json | human (default "concise")
      --kg-hints           Include Orca KG hints
      --limit int          Cap results (default 10)
      --max-tokens int     Token budget (0 = unlimited)
      --no-body            Exclude function body
      --no-siblings        Exclude sibling declarations
      --offset int         Pagination offset
      --select string      Result selection: all, best, top3, top5 (default "all")
      --signature-only     Return only signature (no body, no context)
      --suggestions        Include next-step suggestions in Claude output
      --timeout duration   Timeout for command (e.g., 30s, 5m)
