Usage: snipe <command> [flags]

snipe: Go code navigation for Claude.

    snipe index              Build index (run first)
    snipe def ProcessOrder   Jump to definition
    snipe refs ProcessOrder  Find all references
    snipe callers Handler    Who calls this?
    snipe pack ProcessOrder  Everything about a symbol
    snipe search "TODO"      Text search (no index needed)

    snipe doctor             Check index health
    snipe context            Claude-optimized orientation
    snipe context --full     Full architecture dump

Pick the right overview command:

    context   start here — project orientation (read first)
    pack      deep dive on one symbol or package
    sym       symbol-only (def+refs+callers+callees), no package context
    explain   structured function walkthrough (LLM consumption)

Typical flow: context → pack <symbol> → callers/callees → tests <symbol> IDs
chain: every result's 'id' field is valid input to the next command Index: all
commands except 'search' need a built index — run 'snipe index' first Writes:
only 'edit' modifies files; all other commands are read-only

Flags:
  -h, --help                Show context-sensitive help.
      --limit=10            Cap results returned (applied after --select)
      --offset=0            Pagination offset
      --context=2           Context lines around match
      --no-body             Exclude function body
      --no-siblings         Exclude sibling declarations
      --signature-only      Return only signature (no body, no context)
      --max-tokens=0        Token budget (0 = unlimited)
      --format="concise"    concise (LLM default) | detailed | summary | json
                            (stable, for tooling) | human (TTY)
      --kg-hints            Include Orca KG hints
      --no-suggestions      Suppress next-step suggestions in Claude output
      --timeout=DURATION    Timeout for command (e.g., 30s, 5m)
      --select="all"        Pick top candidates by score: all, best, top3,
                            top5 (applied before --limit)

Commands:
  version [flags]
    Print version information

Orient Project:
  context [<path>] [flags]
    Start here — Claude-optimized project orientation

  orient [flags]
    Write a full orient bundle (context-full, deps-tree, all metrics, manifest)
    into a directory

Navigate Symbol:
  def [<symbol>] [flags]
    Jump to symbol definition

  refs [<symbol>] [flags]
    Find all references to a symbol

  callers [<symbol>] [flags]
    Find functions that call a symbol

  callees [<symbol>] [flags]
    Find functions that a symbol calls

  impl [<interface>] [flags]
    Find types implementing an interface

  tests [<symbol>] [flags]
    Find tests that exercise a symbol

  impact [<symbol>] [flags]
    Show blast radius for changing a symbol

Read Symbol or Package:
  show <id> [flags]
    Show symbol details by ID

  pack [<symbols> ...] [flags]
    Deep dive on one symbol or package (def+refs+callers+callees+role+purpose)

  sym [<symbol>] [flags]
    Symbol-only — def+refs+callers+callees, no package context (lighter than
    pack)

  explain [<symbol>] [flags]
    Structured function walkthrough — purpose, mechanism, callers, warnings

  pkg <name> [flags]
    Show package overview with exported symbols

Find by Text:
  search <pattern> [flags]
    Text search via ripgrep

  lits <value> [flags]
    Find all locations of a string literal or env var name

  trace <value> [flags]
    Trace a string literal through its call context

Graph & Structure:
  deps [<package>] [flags]
    Show dependency topology for a package or the full project

  importers <package> [flags]
    Find files that import a package

  imports <file> [flags]
    Show packages imported by a file

  types [<type>] [flags]
    Show type relationships

  boundary [<pkgset-a> [<pkgset-b>]] [flags]
    Show symbols whose refs cross between two package sets

  metrics [flags]
    Show graph metrics (PageRank, coupling, HITS, etc.) over the import or call
    graph

  hotspots [flags]
    Rank files by complexity × git change-frequency (Tornhill hotspot model)

  risk <base> [<head>] [flags]
    Assess a diff's risk (base→head): code-graph verdict (roles, centrality,
    blast, churn)

  verify [flags]
    Map a diff to the minimal go test set covering changed symbols (structural,
    not a gate)

  plan [<symbol>] [flags]
    Ordered edit worklist for a proposed symbol change (def + call sites +
    tests; structural, not a gate)

  sensitive [flags]
    List files in security-sensitive zones
    (auth/crypto/migration/secret/payment)

  diagram arch [flags]
    Package import graph trimmed to the top-N by PageRank, grouped by layer.
    Writes docs/diagrams/arch.md by default (--format d2/svg for stdout)

  diagram flow <entry> [flags]
    Depth-limited call graph from an entry symbol

  diagram lifecycle <type>
    Render lifecycle CRUD groups for a type as D2

  lifecycle [<type>] [flags]
    Trace every function creating, mutating, reading, or deleting a type

  c4 [flags]
    C4 architecture fact inventory: containers, datastores, external systems,
    flows (facts only, no rendering)

  deadcode [flags]
    Report exported symbols with zero non-test references

  guard [<spec>] [flags]
    Assert architecture boundary rules; exit non-zero on violation

Embeddings:
  sim [<query>] [flags]
    Semantic similarity search

  embed-status [flags]
    Check status of batch embedding job

Edit (modifies files):
  edit [<symbol>] [flags]
    AST-aware code editing — modifies files (dry-run unless --apply)

Index & Health:
  triage [<files> ...] [flags]
    Bundle hotspots+package+test-proximity facts for a file set (facts only,
    no band/route decision)

  index [<path>] [flags]
    Build or update the code index

  status [flags]
    Show index status and statistics

  doctor [flags]
    Check snipe installation and configuration

Run "snipe <command> --help" for more information on a command.
