Finds all occurrences of a string literal and shows the enclosing function
and immediate callers — useful for env-var and config-key propagation.

Falls back to substring match when exact match returns no results.

Examples:
  snipe trace SNIPE_VOYAGE_API_KEY   # Trace env var through call chain
  snipe trace "my-config-key"        # Trace a config key

Usage:
  snipe trace <value> [flags]

Flags:
  -h, --help   help for trace

Global Flags:
      --context int        Context lines around match (default 2)
      --format string      concise (LLM default) | detailed | summary | json (stable, for tooling) | human (TTY) (default "concise")
      --kg-hints           Include Orca KG hints
      --limit int          Cap results returned (applied after --select) (default 10)
      --max-tokens int     Token budget (0 = unlimited)
      --no-body            Exclude function body
      --no-siblings        Exclude sibling declarations
      --offset int         Pagination offset
      --select string      Pick top candidates by score: all, best, top3, top5 (applied before --limit) (default "all")
      --signature-only     Return only signature (no body, no context)
      --suggestions        Include next-step suggestions in Claude output
      --timeout duration   Timeout for command (e.g., 30s, 5m)
