Usage: snipe trace <value> [flags]

Trace a string literal through its call context

Arguments:
  <value>    String literal value

Flags:
  -h, --help                Show context-sensitive help.
      --limit=10            Cap results returned (applied after --select)
      --offset=0            Pagination offset
      --context=2           Context lines around match
      --no-body             Exclude function body
      --no-siblings         Exclude sibling declarations
      --signature-only      Return only signature (no body, no context)
      --max-tokens=0        Token budget (0 = unlimited)
      --format="concise"    concise (LLM default) | detailed | summary | json
                            (stable, for tooling) | human (TTY)
      --kg-hints            Include Orca KG hints
      --suggestions         Include next-step suggestions in Claude output
      --timeout=DURATION    Timeout for command (e.g., 30s, 5m)
      --select="all"        Pick top candidates by score: all, best, top3,
                            top5 (applied before --limit)
